2026-09-20 11:21:24,531 | INFO     | platform | === FULL PIPELINE RUN START ===
2026-09-20 11:21:24,531 | INFO     | platform | [1/5] Data Ingestion
2026-09-20 11:21:24,545 | INFO     | ingest_logs | Ingested 300 records from source='file' -> /content/platform/data/queue/01_ingested.jsonl
2026-09-20 11:21:24,545 | INFO     | platform | [2/5] Threat Intel Enrichment
2026-09-20 11:21:24,558 | INFO     | ti_enricher | Enriched 300 records (10 unique indicators cached) -> /content/platform/data/queue/02_enriched.jsonl
2026-09-20 11:21:24,558 | INFO     | platform | [3/5] ML Threat Detection
2026-09-20 11:21:30,463 | INFO     | ml_detector | Scored 300 records, flagged 33 anomalies -> /content/platform/data/queue/03_scored.jsonl
2026-09-20 11:21:30,464 | INFO     | platform | [4/5] SOAR Orchestration
2026-09-20 11:21:30,476 | INFO     | soar_engine | [SIMULATED EMAIL] To: soc-analyst@example.com | Subject: [REVIEW] Medium-confidence alert needs analyst review (59.8%)
2026-09-20 11:21:30,477 | INFO     | soar_engine | [SIMULATED EMAIL] To: soc-analyst@example.com | Subject: [REVIEW] Medium-confidence alert needs analyst review (58.2%)
2026-09-20 11:21:30,477 | INFO     | soar_engine | [SIMULATED EMAIL] To: soc-analyst@example.com | Subject: [REVIEW] Medium-confidence alert needs analyst review (58.2%)
2026-09-20 11:21:30,477 | INFO     | soar_engine | [SIMULATED EMAIL] To: soc-analyst@example.com | Subject: [REVIEW] Medium-confidence alert needs analyst review (42.3%)
2026-09-20 11:21:30,477 | INFO     | soar_engine | [SIMULATED EMAIL] To: soc-analyst@example.com | Subject: [REVIEW] Medium-confidence alert needs analyst review (60.0%)
2026-09-20 11:21:30,477 | INFO     | soar_engine | [SIMULATED EMAIL] To: soc-analyst@example.com | Subject: [REVIEW] Medium-confidence alert needs analyst review (67.3%)
2026-09-20 11:21:30,477 | INFO     | soar_engine | [SIMULATED EMAIL] To: soc-analyst@example.com | Subject: [AUTO] High-confidence threat contained (79.8%)
2026-09-20 11:21:30,477 | INFO     | soar_engine | [SIMULATED EMAIL] To: soc-analyst@example.com | Subject: [REVIEW] Medium-confidence alert needs analyst review (60.1%)
2026-09-20 11:21:30,477 | INFO     | soar_engine | [SIMULATED EMAIL] To: soc-analyst@example.com | Subject: [REVIEW] Medium-confidence alert needs analyst review (67.3%)
2026-09-20 11:21:30,478 | INFO     | soar_engine | [SIMULATED EMAIL] To: soc-analyst@example.com | Subject: [REVIEW] Medium-confidence alert needs analyst review (62.6%)
2026-09-20 11:21:30,478 | INFO     | soar_engine | [SIMULATED EMAIL] To: soc-analyst@example.com | Subject: [REVIEW] Medium-confidence alert needs analyst review (58.8%)
2026-09-20 11:21:30,478 | INFO     | soar_engine | [SIMULATED EMAIL] To: soc-analyst@example.com | Subject: [REVIEW] Medium-confidence alert needs analyst review (58.0%)
2026-09-20 11:21:30,478 | INFO     | soar_engine | [SIMULATED EMAIL] To: soc-analyst@example.com | Subject: [REVIEW] Medium-confidence alert needs analyst review (58.6%)
2026-09-20 11:21:30,478 | INFO     | soar_engine | [SIMULATED EMAIL] To: soc-analyst@example.com | Subject: [REVIEW] Medium-confidence alert needs analyst review (59.7%)
2026-09-20 11:21:30,478 | INFO     | soar_engine | [SIMULATED EMAIL] To: soc-analyst@example.com | Subject: [REVIEW] Medium-confidence alert needs analyst review (56.5%)
2026-09-20 11:21:30,478 | INFO     | soar_engine | [SIMULATED EMAIL] To: soc-analyst@example.com | Subject: [REVIEW] Medium-confidence alert needs analyst review (42.7%)
2026-09-20 11:21:30,478 | INFO     | soar_engine | [SIMULATED EMAIL] To: soc-analyst@example.com | Subject: [REVIEW] Medium-confidence alert needs analyst review (60.7%)
2026-09-20 11:21:30,478 | INFO     | soar_engine | [SIMULATED EMAIL] To: soc-analyst@example.com | Subject: [REVIEW] Medium-confidence alert needs analyst review (55.2%)
2026-09-20 11:21:30,478 | INFO     | soar_engine | [SIMULATED EMAIL] To: soc-analyst@example.com | Subject: [REVIEW] Medium-confidence alert needs analyst review (55.6%)
2026-09-20 11:21:30,479 | INFO     | soar_engine | [SIMULATED EMAIL] To: soc-analyst@example.com | Subject: [REVIEW] Medium-confidence alert needs analyst review (57.1%)
2026-09-20 11:21:30,479 | INFO     | soar_engine | [SIMULATED EMAIL] To: soc-analyst@example.com | Subject: [REVIEW] Medium-confidence alert needs analyst review (57.3%)
2026-09-20 11:21:30,479 | INFO     | soar_engine | [SIMULATED EMAIL] To: soc-analyst@example.com | Subject: [REVIEW] Medium-confidence alert needs analyst review (56.1%)
2026-09-20 11:21:30,479 | INFO     | soar_engine | [SIMULATED EMAIL] To: soc-analyst@example.com | Subject: [REVIEW] Medium-confidence alert needs analyst review (61.0%)
2026-09-20 11:21:30,479 | INFO     | soar_engine | [SIMULATED EMAIL] To: soc-analyst@example.com | Subject: [REVIEW] Medium-confidence alert needs analyst review (61.3%)
2026-09-20 11:21:30,479 | INFO     | soar_engine | [SIMULATED EMAIL] To: soc-analyst@example.com | Subject: [REVIEW] Medium-confidence alert needs analyst review (56.2%)
2026-09-20 11:21:30,479 | INFO     | soar_engine | [SIMULATED EMAIL] To: soc-analyst@example.com | Subject: [REVIEW] Medium-confidence alert needs analyst review (57.1%)
2026-09-20 11:21:30,479 | INFO     | soar_engine | [SIMULATED EMAIL] To: soc-analyst@example.com | Subject: [REVIEW] Medium-confidence alert needs analyst review (57.8%)
2026-09-20 11:21:30,479 | INFO     | soar_engine | [SIMULATED EMAIL] To: soc-analyst@example.com | Subject: [REVIEW] Medium-confidence alert needs analyst review (55.5%)
2026-09-20 11:21:30,479 | INFO     | soar_engine | [SIMULATED EMAIL] To: soc-analyst@example.com | Subject: [REVIEW] Medium-confidence alert needs analyst review (55.7%)
2026-09-20 11:21:30,479 | INFO     | soar_engine | [SIMULATED EMAIL] To: soc-analyst@example.com | Subject: [REVIEW] Medium-confidence alert needs analyst review (56.7%)
2026-09-20 11:21:30,480 | INFO     | soar_engine | [SIMULATED EMAIL] To: soc-analyst@example.com | Subject: [REVIEW] Medium-confidence alert needs analyst review (57.1%)
2026-09-20 11:21:30,480 | INFO     | soar_engine | [SIMULATED EMAIL] To: soc-analyst@example.com | Subject: [REVIEW] Medium-confidence alert needs analyst review (42.2%)
2026-09-20 11:21:30,480 | INFO     | soar_engine | [SIMULATED EMAIL] To: soc-analyst@example.com | Subject: [AUTO] High-confidence threat contained (80.1%)
2026-09-20 11:21:30,480 | INFO     | soar_engine | [SIMULATED EMAIL] To: soc-analyst@example.com | Subject: [REVIEW] Medium-confidence alert needs analyst review (61.7%)
2026-09-20 11:21:30,480 | INFO     | soar_engine | [SIMULATED EMAIL] To: soc-analyst@example.com | Subject: [REVIEW] Medium-confidence alert needs analyst review (58.7%)
2026-09-20 11:21:30,480 | INFO     | soar_engine | [SIMULATED EMAIL] To: soc-analyst@example.com | Subject: [REVIEW] Medium-confidence alert needs analyst review (60.4%)
2026-09-20 11:21:30,480 | INFO     | soar_engine | [SIMULATED EMAIL] To: soc-analyst@example.com | Subject: [REVIEW] Medium-confidence alert needs analyst review (62.8%)
2026-09-20 11:21:30,480 | INFO     | soar_engine | [SIMULATED EMAIL] To: soc-analyst@example.com | Subject: [REVIEW] Medium-confidence alert needs analyst review (42.6%)
2026-09-20 11:21:30,480 | INFO     | soar_engine | [SIMULATED EMAIL] To: soc-analyst@example.com | Subject: [REVIEW] Medium-confidence alert needs analyst review (60.4%)
2026-09-20 11:21:30,480 | INFO     | soar_engine | [SIMULATED EMAIL] To: soc-analyst@example.com | Subject: [REVIEW] Medium-confidence alert needs analyst review (61.6%)
2026-09-20 11:21:30,481 | INFO     | soar_engine | [SIMULATED EMAIL] To: soc-analyst@example.com | Subject: [REVIEW] Medium-confidence alert needs analyst review (59.1%)
2026-09-20 11:21:30,481 | INFO     | soar_engine | [SIMULATED EMAIL] To: soc-analyst@example.com | Subject: [REVIEW] Medium-confidence alert needs analyst review (55.9%)
2026-09-20 11:21:30,481 | INFO     | soar_engine | [SIMULATED EMAIL] To: soc-analyst@example.com | Subject: [REVIEW] Medium-confidence alert needs analyst review (62.2%)
2026-09-20 11:21:30,481 | INFO     | soar_engine | [SIMULATED EMAIL] To: soc-analyst@example.com | Subject: [REVIEW] Medium-confidence alert needs analyst review (41.8%)
2026-09-20 11:21:30,481 | INFO     | soar_engine | [SIMULATED EMAIL] To: soc-analyst@example.com | Subject: [REVIEW] Medium-confidence alert needs analyst review (57.2%)
2026-09-20 11:21:30,481 | INFO     | soar_engine | [SIMULATED EMAIL] To: soc-analyst@example.com | Subject: [REVIEW] Medium-confidence alert needs analyst review (63.1%)
2026-09-20 11:21:30,481 | INFO     | soar_engine | [SIMULATED EMAIL] To: soc-analyst@example.com | Subject: [REVIEW] Medium-confidence alert needs analyst review (57.6%)
2026-09-20 11:21:30,481 | INFO     | soar_engine | [SIMULATED EMAIL] To: soc-analyst@example.com | Subject: [REVIEW] Medium-confidence alert needs analyst review (63.2%)
2026-09-20 11:21:30,481 | INFO     | soar_engine | [SIMULATED EMAIL] To: soc-analyst@example.com | Subject: [REVIEW] Medium-confidence alert needs analyst review (42.2%)
2026-09-20 11:21:30,481 | INFO     | soar_engine | [SIMULATED EMAIL] To: soc-analyst@example.com | Subject: [REVIEW] Medium-confidence alert needs analyst review (62.1%)
2026-09-20 11:21:30,482 | INFO     | soar_engine | [SIMULATED EMAIL] To: soc-analyst@example.com | Subject: [REVIEW] Medium-confidence alert needs analyst review (67.2%)
2026-09-20 11:21:30,482 | INFO     | soar_engine | [SIMULATED EMAIL] To: soc-analyst@example.com | Subject: [REVIEW] Medium-confidence alert needs analyst review (58.7%)
2026-09-20 11:21:30,482 | INFO     | soar_engine | [SIMULATED EMAIL] To: soc-analyst@example.com | Subject: [REVIEW] Medium-confidence alert needs analyst review (41.9%)
2026-09-20 11:21:30,482 | INFO     | soar_engine | [SIMULATED EMAIL] To: soc-analyst@example.com | Subject: [REVIEW] Medium-confidence alert needs analyst review (62.3%)
2026-09-20 11:21:30,482 | INFO     | soar_engine | [SIMULATED EMAIL] To: soc-analyst@example.com | Subject: [REVIEW] Medium-confidence alert needs analyst review (61.5%)
2026-09-20 11:21:30,482 | INFO     | soar_engine | [SIMULATED EMAIL] To: soc-analyst@example.com | Subject: [AUTO] High-confidence threat contained (79.8%)
2026-09-20 11:21:30,482 | INFO     | soar_engine | [SIMULATED EMAIL] To: soc-analyst@example.com | Subject: [REVIEW] Medium-confidence alert needs analyst review (60.9%)
2026-09-20 11:21:30,482 | INFO     | soar_engine | [SIMULATED EMAIL] To: soc-analyst@example.com | Subject: [REVIEW] Medium-confidence alert needs analyst review (63.0%)
2026-09-20 11:21:30,482 | INFO     | soar_engine | [SIMULATED EMAIL] To: soc-analyst@example.com | Subject: [REVIEW] Medium-confidence alert needs analyst review (60.8%)
2026-09-20 11:21:30,482 | INFO     | soar_engine | [SIMULATED EMAIL] To: soc-analyst@example.com | Subject: [REVIEW] Medium-confidence alert needs analyst review (59.4%)
2026-09-20 11:21:30,483 | INFO     | soar_engine | [SIMULATED EMAIL] To: soc-analyst@example.com | Subject: [REVIEW] Medium-confidence alert needs analyst review (57.8%)
2026-09-20 11:21:30,483 | INFO     | soar_engine | [SIMULATED EMAIL] To: soc-analyst@example.com | Subject: [REVIEW] Medium-confidence alert needs analyst review (60.6%)
2026-09-20 11:21:30,483 | INFO     | soar_engine | [SIMULATED EMAIL] To: soc-analyst@example.com | Subject: [REVIEW] Medium-confidence alert needs analyst review (61.5%)
2026-09-20 11:21:30,483 | INFO     | soar_engine | [SIMULATED EMAIL] To: soc-analyst@example.com | Subject: [REVIEW] Medium-confidence alert needs analyst review (62.2%)
2026-09-20 11:21:30,483 | INFO     | soar_engine | [SIMULATED EMAIL] To: soc-analyst@example.com | Subject: [REVIEW] Medium-confidence alert needs analyst review (57.3%)
2026-09-20 11:21:30,483 | INFO     | soar_engine | [SIMULATED EMAIL] To: soc-analyst@example.com | Subject: [REVIEW] Medium-confidence alert needs analyst review (62.8%)
2026-09-20 11:21:30,483 | INFO     | soar_engine | [SIMULATED EMAIL] To: soc-analyst@example.com | Subject: [REVIEW] Medium-confidence alert needs analyst review (57.4%)
2026-09-20 11:21:30,484 | INFO     | soar_engine | [SIMULATED EMAIL] To: soc-analyst@example.com | Subject: [REVIEW] Medium-confidence alert needs analyst review (56.3%)
2026-09-20 11:21:30,484 | INFO     | soar_engine | [SIMULATED EMAIL] To: soc-analyst@example.com | Subject: [REVIEW] Medium-confidence alert needs analyst review (60.5%)
2026-09-20 11:21:30,484 | INFO     | soar_engine | [SIMULATED EMAIL] To: soc-analyst@example.com | Subject: [REVIEW] Medium-confidence alert needs analyst review (51.7%)
2026-09-20 11:21:30,484 | INFO     | soar_engine | [SIMULATED EMAIL] To: soc-analyst@example.com | Subject: [REVIEW] Medium-confidence alert needs analyst review (60.0%)
2026-09-20 11:21:30,484 | INFO     | soar_engine | [SIMULATED EMAIL] To: soc-analyst@example.com | Subject: [REVIEW] Medium-confidence alert needs analyst review (62.3%)
2026-09-20 11:21:30,484 | INFO     | soar_engine | [SIMULATED EMAIL] To: soc-analyst@example.com | Subject: [REVIEW] Medium-confidence alert needs analyst review (60.6%)
2026-09-20 11:21:30,484 | INFO     | soar_engine | [SIMULATED EMAIL] To: soc-analyst@example.com | Subject: [REVIEW] Medium-confidence alert needs analyst review (62.4%)
2026-09-20 11:21:30,484 | INFO     | soar_engine | [SIMULATED EMAIL] To: soc-analyst@example.com | Subject: [REVIEW] Medium-confidence alert needs analyst review (55.0%)
2026-09-20 11:21:30,484 | INFO     | soar_engine | [SIMULATED EMAIL] To: soc-analyst@example.com | Subject: [REVIEW] Medium-confidence alert needs analyst review (66.1%)
2026-09-20 11:21:30,485 | INFO     | soar_engine | [SIMULATED EMAIL] To: soc-analyst@example.com | Subject: [REVIEW] Medium-confidence alert needs analyst review (57.0%)
2026-09-20 11:21:30,485 | INFO     | soar_engine | [SIMULATED EMAIL] To: soc-analyst@example.com | Subject: [AUTO] High-confidence threat contained (79.3%)
2026-09-20 11:21:30,485 | INFO     | soar_engine | [SIMULATED EMAIL] To: soc-analyst@example.com | Subject: [REVIEW] Medium-confidence alert needs analyst review (53.6%)
2026-09-20 11:21:30,485 | INFO     | soar_engine | [SIMULATED EMAIL] To: soc-analyst@example.com | Subject: [REVIEW] Medium-confidence alert needs analyst review (57.1%)
2026-09-20 11:21:30,485 | INFO     | soar_engine | [SIMULATED EMAIL] To: soc-analyst@example.com | Subject: [REVIEW] Medium-confidence alert needs analyst review (56.7%)
2026-09-20 11:21:30,485 | INFO     | soar_engine | [SIMULATED EMAIL] To: soc-analyst@example.com | Subject: [REVIEW] Medium-confidence alert needs analyst review (61.7%)
2026-09-20 11:21:30,485 | INFO     | soar_engine | [SIMULATED EMAIL] To: soc-analyst@example.com | Subject: [AUTO] High-confidence threat contained (79.8%)
2026-09-20 11:21:30,485 | INFO     | soar_engine | [SIMULATED EMAIL] To: soc-analyst@example.com | Subject: [REVIEW] Medium-confidence alert needs analyst review (59.5%)
2026-09-20 11:21:30,485 | INFO     | soar_engine | [SIMULATED EMAIL] To: soc-analyst@example.com | Subject: [REVIEW] Medium-confidence alert needs analyst review (62.2%)
2026-09-20 11:21:30,485 | INFO     | soar_engine | [SIMULATED EMAIL] To: soc-analyst@example.com | Subject: [REVIEW] Medium-confidence alert needs analyst review (58.0%)
2026-09-20 11:21:30,486 | INFO     | soar_engine | [SIMULATED EMAIL] To: soc-analyst@example.com | Subject: [REVIEW] Medium-confidence alert needs analyst review (56.7%)
2026-09-20 11:21:30,486 | INFO     | soar_engine | [SIMULATED EMAIL] To: soc-analyst@example.com | Subject: [REVIEW] Medium-confidence alert needs analyst review (42.2%)
2026-09-20 11:21:30,486 | INFO     | soar_engine | [SIMULATED EMAIL] To: soc-analyst@example.com | Subject: [REVIEW] Medium-confidence alert needs analyst review (59.2%)
2026-09-20 11:21:30,486 | INFO     | soar_engine | [SIMULATED EMAIL] To: soc-analyst@example.com | Subject: [REVIEW] Medium-confidence alert needs analyst review (41.5%)
2026-09-20 11:21:30,486 | INFO     | soar_engine | [SIMULATED EMAIL] To: soc-analyst@example.com | Subject: [REVIEW] Medium-confidence alert needs analyst review (42.3%)
2026-09-20 11:21:30,486 | INFO     | soar_engine | [SIMULATED EMAIL] To: soc-analyst@example.com | Subject: [REVIEW] Medium-confidence alert needs analyst review (56.2%)
2026-09-20 11:21:30,486 | INFO     | soar_engine | [SIMULATED EMAIL] To: soc-analyst@example.com | Subject: [REVIEW] Medium-confidence alert needs analyst review (57.7%)
2026-09-20 11:21:30,486 | INFO     | soar_engine | [SIMULATED EMAIL] To: soc-analyst@example.com | Subject: [REVIEW] Medium-confidence alert needs analyst review (56.7%)
2026-09-20 11:21:30,486 | INFO     | soar_engine | [SIMULATED EMAIL] To: soc-analyst@example.com | Subject: [AUTO] High-confidence threat contained (79.4%)
2026-09-20 11:21:30,486 | INFO     | soar_engine | [SIMULATED EMAIL] To: soc-analyst@example.com | Subject: [REVIEW] Medium-confidence alert needs analyst review (67.6%)
2026-09-20 11:21:30,486 | INFO     | soar_engine | [SIMULATED EMAIL] To: soc-analyst@example.com | Subject: [REVIEW] Medium-confidence alert needs analyst review (60.7%)
2026-09-20 11:21:30,487 | INFO     | soar_engine | [SIMULATED EMAIL] To: soc-analyst@example.com | Subject: [REVIEW] Medium-confidence alert needs analyst review (54.8%)
2026-09-20 11:21:30,487 | INFO     | soar_engine | [SIMULATED EMAIL] To: soc-analyst@example.com | Subject: [REVIEW] Medium-confidence alert needs analyst review (67.7%)
2026-09-20 11:21:30,487 | INFO     | soar_engine | [SIMULATED EMAIL] To: soc-analyst@example.com | Subject: [AUTO] High-confidence threat contained (79.8%)
2026-09-20 11:21:30,487 | INFO     | soar_engine | [SIMULATED EMAIL] To: soc-analyst@example.com | Subject: [REVIEW] Medium-confidence alert needs analyst review (62.9%)
2026-09-20 11:21:30,487 | INFO     | soar_engine | [SIMULATED EMAIL] To: soc-analyst@example.com | Subject: [REVIEW] Medium-confidence alert needs analyst review (63.3%)
2026-09-20 11:21:30,487 | INFO     | soar_engine | [SIMULATED EMAIL] To: soc-analyst@example.com | Subject: [REVIEW] Medium-confidence alert needs analyst review (42.1%)
2026-09-20 11:21:30,487 | INFO     | soar_engine | [SIMULATED EMAIL] To: soc-analyst@example.com | Subject: [REVIEW] Medium-confidence alert needs analyst review (55.9%)
2026-09-20 11:21:30,487 | INFO     | soar_engine | [SIMULATED EMAIL] To: soc-analyst@example.com | Subject: [REVIEW] Medium-confidence alert needs analyst review (56.7%)
2026-09-20 11:21:30,487 | INFO     | soar_engine | [SIMULATED EMAIL] To: soc-analyst@example.com | Subject: [REVIEW] Medium-confidence alert needs analyst review (60.6%)
2026-09-20 11:21:30,488 | INFO     | soar_engine | [SIMULATED EMAIL] To: soc-analyst@example.com | Subject: [REVIEW] Medium-confidence alert needs analyst review (66.3%)
2026-09-20 11:21:30,488 | INFO     | soar_engine | [SIMULATED EMAIL] To: soc-analyst@example.com | Subject: [REVIEW] Medium-confidence alert needs analyst review (54.5%)
2026-09-20 11:21:30,488 | INFO     | soar_engine | [SIMULATED EMAIL] To: soc-analyst@example.com | Subject: [REVIEW] Medium-confidence alert needs analyst review (56.7%)
2026-09-20 11:21:30,488 | INFO     | soar_engine | [SIMULATED EMAIL] To: soc-analyst@example.com | Subject: [REVIEW] Medium-confidence alert needs analyst review (60.1%)
2026-09-20 11:21:30,488 | INFO     | soar_engine | [SIMULATED EMAIL] To: soc-analyst@example.com | Subject: [REVIEW] Medium-confidence alert needs analyst review (59.1%)
2026-09-20 11:21:30,488 | INFO     | soar_engine | [SIMULATED EMAIL] To: soc-analyst@example.com | Subject: [REVIEW] Medium-confidence alert needs analyst review (56.4%)
2026-09-20 11:21:30,488 | INFO     | soar_engine | [SIMULATED EMAIL] To: soc-analyst@example.com | Subject: [REVIEW] Medium-confidence alert needs analyst review (62.8%)
2026-09-20 11:21:30,491 | INFO     | soar_engine | SOAR processed 300 events -> 7 high (auto), 106 medium (analyst queue), 187 low (logged only). Total cases on file: 113
2026-09-20 11:21:30,492 | INFO     | platform | [5/5] Dashboard ready — run: streamlit run dashboard.py
2026-09-20 11:21:30,523 | INFO     | platform | === FULL PIPELINE RUN COMPLETE ===
